../Drivers/CMSIS/Include/core_cm4.h:2064:26:ITM_SendChar	16	static,ignoring_inline_asm
../Core/Inc/ST7539_font.h:261:23:font5x7_get	16	static
../Core/Src/main.c:31:5:_write	32	static
../Core/Src/main.c:70:13:print_scan	24	static
../Core/Src/main.c:85:5:main	40	static
../Core/Src/main.c:183:6:SystemClock_Config	88	static
../Core/Src/main.c:229:13:MX_I2C1_Init	8	static
../Core/Src/main.c:263:13:MX_GPIO_Init	48	static
../Core/Src/main.c:302:6:I2C_Scan	48	static
../Core/Src/main.c:332:6:Error_Handler	4	static,ignoring_inline_asm
