../Core/Inc/ST7539_font.h:261:23:font5x7_get	16	static
../Core/Src/ST7539.c:37:6:ST7539_HWReset	8	static
../Core/Src/ST7539.c:46:6:ST7539_SetSA0_Pin	16	static
../Core/Src/ST7539.c:51:26:I2C_Ack8	16	static
../Core/Src/ST7539.c:56:26:LCD_Cmd	24	static
../Core/Src/ST7539.c:60:26:LCD_Cmd2	32	static
../Core/Src/ST7539.c:65:23:bitrev8	16	static
../Core/Src/ST7539.c:73:19:LCD_Data	32	static
../Core/Src/ST7539.c:77:6:LCD_SetPage	16	static
../Core/Src/ST7539.c:81:6:LCD_SetCol	16	static
../Core/Src/ST7539.c:85:6:LCD_SetPage0Col0	16	static
../Core/Src/ST7539.c:93:19:ST7539_FindAddressPair	56	static
../Core/Src/ST7539.c:152:6:ST7539_InitBasic	280	static
../Core/Src/ST7539.c:203:6:ST7539_Clear	152	static
../Core/Src/ST7539.c:233:6:ST7539_DrawLine5x7	48	static
../Core/Src/ST7539.c:273:24:font16_getw	24	static
../Core/Src/ST7539.c:280:6:ST7539_DrawText16x16	40	static
../Core/Src/ST7539.c:303:13:ST7539_Clear32	152	static
../Core/Src/ST7539.c:319:6:Clock_Draw	88	static
../Core/Src/ST7539.c:344:16:clock_digit_col	24	static
../Core/Src/ST7539.c:396:6:ST7539_EraseGlyph16x16	40	static
../Core/Src/ST7539.c:418:6:ST7539_EraseClockDigit	24	static
