../Core/Src/ST7539.c:19:23:font5x7_get	16	static
../Core/Src/ST7539.c:37:6:ST7539_HWReset	8	static
../Core/Src/ST7539.c:46:6:ST7539_SetSA0_Pin	16	static
../Core/Src/ST7539.c:51:26:I2C_Ack8	16	static
../Core/Src/ST7539.c:56:26:LCD_Cmd	24	static
../Core/Src/ST7539.c:60:26:LCD_Cmd2	32	static
../Core/Src/ST7539.c:65:19:LCD_Data	32	static
../Core/Src/ST7539.c:69:6:LCD_SetPage	16	static
../Core/Src/ST7539.c:73:6:LCD_SetCol	16	static
../Core/Src/ST7539.c:77:6:LCD_SetPage0Col0	16	static
../Core/Src/ST7539.c:85:19:ST7539_FindAddressPair	56	static
../Core/Src/ST7539.c:144:6:ST7539_InitBasic	280	static
../Core/Src/ST7539.c:193:6:ST7539_TestDisplay	24	static
../Core/Src/ST7539.c:227:6:ST7539_Clear	152	static
../Core/Src/ST7539.c:242:6:ST7539_DrawText5x7	40	static
../Core/Src/ST7539.c:259:24:font16_getw	24	static
../Core/Src/ST7539.c:266:6:ST7539_DrawText16x16	40	static
../Core/Src/ST7539.c:289:13:ST7539_Clear32	152	static
../Core/Src/ST7539.c:305:6:Clock_Draw	80	static
../Core/Src/ST7539.c:323:16:clock_digit_col	24	static
../Core/Src/ST7539.c:375:6:ST7539_EraseGlyph16x16	40	static
../Core/Src/ST7539.c:397:6:ST7539_EraseClockDigit	24	static
