../Core/Inc/ST7539_font.h:262:23:font5x7_get	16	static
../Core/Src/ST7539.c:84:6:ST7539_HWReset	8	static
../Core/Src/ST7539.c:100:6:ST7539_SetSA0_Pin	16	static
../Core/Src/ST7539.c:126:26:I2C_Ack8	16	static
../Core/Src/ST7539.c:142:26:LCD_Cmd	24	static
../Core/Src/ST7539.c:151:26:LCD_Cmd2	32	static
../Core/Src/ST7539.c:165:23:bitrev8	16	static
../Core/Src/ST7539.c:181:19:LCD_Data	32	static
../Core/Src/ST7539.c:195:6:LCD_SetPage	16	static
../Core/Src/ST7539.c:206:6:LCD_SetCol	16	static
../Core/Src/ST7539.c:219:6:LCD_SetPage0Col0	16	static
../Core/Src/ST7539.c:254:19:ST7539_FindAddressPair	56	static
../Core/Src/ST7539.c:317:6:ST7539_InitBasic	280	static
../Core/Src/ST7539.c:380:6:ST7539_Clear	152	static
../Core/Src/ST7539.c:414:6:ST7539_DrawLine5x7	48	static
../Core/Src/ST7539.c:475:24:font16_getw	24	static
../Core/Src/ST7539.c:496:6:ST7539_DrawText16x16	40	static
../Core/Src/ST7539.c:532:13:ST7539_Clear32	152	static
../Core/Src/ST7539.c:572:6:Clock_Draw	88	static
../Core/Src/ST7539.c:621:16:clock_digit_col	24	static
../Core/Src/ST7539.c:694:6:ST7539_EraseGlyph16x16	40	static
../Core/Src/ST7539.c:722:6:ST7539_EraseClockDigit	24	static
../Core/Src/ST7539.c:739:16:clock_colon_col	24	static
../Core/Src/ST7539.c:763:6:ST7539_EraseClockColon	24	static
